[www.aikido-unite.com/index.html]
[static.parastorage.com/client/pfavico.ico]
[static.parastorage.com/unpkg/@formatjs/intl-segmenter@11.7.10/polyfill.iife.js]
[static.parastorage.com/unpkg/core-js-bundle@3.2.1/minified.js]
[static.parastorage.com/unpkg/focus-within-polyfill@5.0.9/dist/focus-within-polyfill.js]
[www.aikido-unite.com/O,location.4.delayed]
[www.aikido-unite.com/e.5.delayed]
[www.aikido-unite.com/t.6.delayed]
[backblue.gif]
[fade.gif]
[index.html]
[static.wixstatic.com/media/93910a_a6445e5581ea454f88d687fe305ceb4d_mv2.png/v1/fill/w_42,h_40,al_c,q_85,usm_0.66_1.00_0.01,enc_avif,quality_auto/logo_aikido_unite.png]
[www.aikido-unite.com/l-aïkido.html]
[www.aikido-unite.com/les-cours.html]
[www.aikido-unite.com/inscriptions.html]
[www.aikido-unite.com/prepa-ceintures.html]
[www.aikido-unite.com/stages.html]
[static.wixstatic.com/media/8d6893330740455c96d218258a458aa4.png/v1/fill/w_25,h_25,al_c,q_85,usm_0.66_1.00_0.01,enc_avif,quality_auto/8d6893330740455c96d218258a458aa4.png]
[www.aikido-unite.com/contact-3.html]
[static.wixstatic.com/media/e316f544f9094143b9eac01f1f19e697.png/v1/fill/w_25,h_25,al_c,q_85,usm_0.66_1.00_0.01,enc_avif,quality_auto/e316f544f9094143b9eac01f1f19e697.png]
[static.wixstatic.com/media/a1b09fe8b7f04378a9fe076748ad4a6a.png/v1/fill/w_25,h_25,al_c,q_85,usm_0.66_1.00_0.01,enc_avif,quality_auto/a1b09fe8b7f04378a9fe076748ad4a6a.png]
[static.wixstatic.com/media/11062b_7a80704b0d4547c4a6a39347d587411d_mv2.png/v1/fill/w_25,h_25,al_c,q_85,usm_0.66_1.00_0.01,enc_avif,quality_auto/11062b_7a80704b0d4547c4a6a39347d587411d_mv2.png]
[static.wixstatic.com/media/93910a_6d387e8c5e19446db56ab64ce80dbeb2_mv2.png/v1/fill/w_528,h_754,al_c,q_90,enc_avif,quality_auto/Flyer-aikido-unite-2025-2026.png]
[static.wixstatic.com/media/93910a_a230f37cfb8f4df1aa16e18d5099173d_mv2.jpg/v1/fill/w_222,h_274,al_c,q_80,usm_0.66_1.00_0.01,enc_avif,quality_auto/morihei ueshiba_jfif.jpg]
[static.wixstatic.com/media/93910a_9b57f11463694ad695b54e5dcd0b34af_mv2.jpg/v1/fill/w_287,h_323,al_c,q_80,usm_0.66_1.00_0.01,enc_avif,quality_auto/Johann_Mousain.jpg]
[static.wixstatic.com/media/93910a_e2cae4a18ad34823975db0577d0c6b3e_mv2.jpg/v1/fill/w_287,h_323,al_c,q_80,usm_0.66_1.00_0.01,enc_avif,quality_auto/IMG_2484.jpg]
[static.wixstatic.com/media/93910a_d9c53e6511f74edd99f077e8e77dda38_mv2.jpg/v1/crop/x_640,y_367,w_372,h_418/fill/w_287,h_323,al_c,q_80,usm_0.66_1.00_0.01,enc_avif,quality_auto/IMG-20210620-WA0036.jpg]
[www.aikido-unite.com/_files/ugd/1-Fiche%20d%27inscription%202025-2026%20AIKIDO%20UNITE%20.pdf_; filename_=UTF-8''1-Fiche%20d%27inscription%202025-2026%20AIKIDO%20UNITE%20.pdf]
[www.aikido-unite.com/_files/ugd/2_licence-FFAB-2025-2026.pdf_; filename_=UTF-8''2_licence-FFAB-2025-2026.pdf]
[www.aikido-unite.com/_files/ugd/QUESTIONNAIRE%20MINEUR.pdf_; filename_=UTF-8''QUESTIONNAIRE%20MINEUR.pdf]
[www.aikido-unite.com/_files/ugd/QUESTIONNAIRE%20MAJEUR.pdf_; filename_=UTF-8''QUESTIONNAIRE%20MAJEUR.pdf]
[www.aikido-unite.com/_files/ugd/attestation%20pour%20le%20questionnaire%20de%20sant%C3%A9.pdf_; filename_=UTF-8''attestation%20pour%20le%20questionnaire%20de%20sant%C3%A9.pdf]
[static.wixstatic.com/media/93910a_1fe0f62728584db893c8d9c90c0bc1bc_mv2.jpg/v1/crop/x_449,y_823,w_2302,h_2589/fill/w_287,h_323,al_c,q_80,usm_0.66_1.00_0.01,enc_avif,quality_auto/Alain_Occeli.jpg]
[static.wixstatic.com/media/93910a_a6445e5581ea454f88d687fe305ceb4d_mv2.png/v1/fill/w_287,h_323,al_c,q_85,usm_0.66_1.00_0.01,enc_avif,quality_auto/logo_aikido_unite.png]
[static.wixstatic.com/media/93910a_06493b0bfbcc4039850a94378b9d4801_mv2.png/v1/fill/w_287,h_323,al_c,lg_1,q_85,enc_avif,quality_auto/julia_abdo.png]
[static.wixstatic.com/media/93910a_9b57f11463694ad695b54e5dcd0b34af_mv2.jpg/v1/crop/x_2,y_45,w_1378,h_1555/fill/w_287,h_323,al_c,q_80,usm_0.66_1.00_0.01,enc_avif,quality_auto/Johann_Mousain.jpg]
[static.wixstatic.com/media/0fdef751204647a3bbd7eaa2827ed4f9.png/v1/fill/w_23,h_23,al_c,q_85,usm_0.66_1.00_0.01,enc_avif,quality_auto/0fdef751204647a3bbd7eaa2827ed4f9.png]
[static.wixstatic.com/media/01c3aff52f2a4dffa526d7a9843d46ea.png/v1/fill/w_23,h_23,al_c,q_85,usm_0.66_1.00_0.01,enc_avif,quality_auto/01c3aff52f2a4dffa526d7a9843d46ea.png]
[static.wixstatic.com/media/11062b_6fc54c8957474101ba6e80b01907ae50_mv2.png/v1/fill/w_23,h_23,al_c,q_85,usm_0.66_1.00_0.01,enc_avif,quality_auto/11062b_6fc54c8957474101ba6e80b01907ae50_mv2.png]
[www.aikido-unite.com/${s.23.delayed]
[www.aikido-unite.com/window.location.24.delayed]
[browser.sentry-cdn.com/7.120.3/bundle.tracing.es5.min.js]
[browser.sentry-cdn.com/7.120.3/modulemetadata.es5.min.js]
[www.aikido-unite.com/sitemap.xml]
[www.aikido-unite.com/feed.28.delayed]
[static.parastorage.com/unpkg/react@18.3.1/umd/react.production.min.js]
[static.parastorage.com/unpkg/react-dom@18.3.1/umd/react-dom.production.min.js]
[static.parastorage.com/unpkg/lodash@4.17.23/lodash.min.js]
[static.parastorage.com/services/wix-thunderbolt/dist/thunderbolt-commons.8aee7d1f.bundle.min.js]
[static.parastorage.com/services/wix-thunderbolt/dist/main.5749709b.bundle.min.js]
[static.parastorage.com/services/wix-thunderbolt/dist/main.renderer.99fa8096.bundle.min.js]
[static.parastorage.com/services/wix-thunderbolt/dist/browser-deprecation.bundle.es5.js]
[www.aikido-unite.com/index.html]
[www.aikido-unite.com/O,location.html]
[www.aikido-unite.com/e.html]
[www.aikido-unite.com/t.html]
[static.parastorage.com/services/tag-manager-client/1.1066.0/siteTags.bundle.min.js]
[www.aikido-unite.com/l-aïkido.html]
[static.parastorage.com/services/wix-thunderbolt/dist/main.662fa8f6.bundle.min.js]
[static.parastorage.com/services/editor-elements-library/dist/thunderbolt/media/sloppyframe.3214ce8e.png]
[static.wixstatic.com/media/93910a_d9c53e6511f74edd99f077e8e77dda38_mv2.jpg/v1/crop/x_627,y_335,w_396,h_445/fill/w_287,h_323,al_c,q_80,usm_0.66_1.00_0.01,enc_avif,quality_auto/IMG-20210620-WA0036.jpg]
[www.aikido-unite.com/les-cours.html]
[www.aikido-unite.com/_files/ugd/02_licence-FFAB-2025-2026.pdf_; filename_=UTF-8''02_licence-FFAB-2025-2026.pdf]
[www.aikido-unite.com/inscriptions.html]
[www.aikido-unite.com/_files/ugd/nomenclature_technique.pdf_; filename_=UTF-8''nomenclature_technique.pdf]
[www.aikido-unite.com/prepa-ceintures.html]
[static.wixstatic.com/media/93910a_59509d41993743b78022c216e5e343e0_mv2.png/v1/fill/w_460,h_320,al_c,q_85,usm_0.66_1.00_0.01,enc_avif,quality_auto/93910a_59509d41993743b78022c216e5e343e0_mv2.png]
[static.wixstatic.com/media/93910a_e1e0386999bf46fd8a368e7e548cb82e_mv2.png/v1/fill/w_460,h_320,al_c,q_85,usm_0.66_1.00_0.01,enc_avif,quality_auto/93910a_e1e0386999bf46fd8a368e7e548cb82e_mv2.png]
[static.wixstatic.com/media/93910a_417ff4e7e6514bf782a1ec45929272ac_mv2.png/v1/fill/w_460,h_320,al_c,q_85,usm_0.66_1.00_0.01,enc_avif,quality_auto/93910a_417ff4e7e6514bf782a1ec45929272ac_mv2.png]
[static.wixstatic.com/media/93910a_21098e59fa304942aaafae64ef285a3d_mv2.png/v1/fill/w_460,h_320,al_c,q_85,usm_0.66_1.00_0.01,enc_avif,quality_auto/93910a_21098e59fa304942aaafae64ef285a3d_mv2.png]
[www.aikido-unite.com/_files/ugd/interclub%20chambourcy%209%20f%C3%A9vr%202025.pdf_; filename_=UTF-8''interclub%20chambourcy%209%20f%C3%A9vr%202025.pdf]
[www.aikido-unite.com/_files/ugd/affiche_stage_jeune_ghaan_vineuil_mars_2025.pdf_; filename_=UTF-8''affiche_stage_jeune_ghaan_vineuil_mars_2025.pdf]
[static.wixstatic.com/media/93910a_07ee9fc06b1142dca43b57076059c9af_mv2.jpg/v1/crop/x_0,y_221,w_616,h_429/fill/w_460,h_320,al_c,q_80,usm_0.66_1.00_0.01,enc_av/Stage Interclub Chambourcy 9 fevr 2025_e.3b.del]
[static.wixstatic.com/media/93910a_29b387084cc34a189ad10b352c560de3_mv2.png/v1/crop/x_0,y_220,w_624,h_434/fill/w_460,h_320,al_c,q_85,usm_0.66_1.00_0.01,enc_av/affiche_stage_jeune_ghaan_vineuil_mars_2025.3d]
[www.aikido-unite.com/_files/ugd/Stage%20M%C3%A9moire%20Ma%C3%AEtre%20Nocquet%202025.pdf_; filename_=UTF-8''Stage%20M%C3%A9moire%20Ma%C3%AEtre%20Nocquet%202025.pdf]
[static.wixstatic.com/media/93910a_9892826e64b94c5baccfd580436f29ac_mv2.png/v1/crop/x_0,y_174,w_619,h_430/fill/w_460,h_320,al_c,q_85,usm_0.66_1.00_0.01,enc_av/93910a_9892826e64b94c5baccfd580436f29ac_mv2.3f]
[www.aikido-unite.com/_files/ugd/Stage%20Pont%20L%27eveque%2026-27%20avril%202025%20Thomas%20Tessier.pdf_; filename_=UTF-8''Stage%20Pont%20L%27eveque%2026-27%20avril%202025%20Thomas%20Tessier.pdf]
[www.aikido-unite.com/stages.html]
[static.wixstatic.com/media/93910a_da936790fe9d4eb7aeb030ee3a005ee5_mv2.jpg/v1/crop/x_0,y_109,w_636,h_665/fill/w_502,h_525,al_c,q_80,usm_0.66_1.00_0.01,enc_av/Stage Pont L'eveque 26-27 avril 2025 Tho.42.del]
[static.wixstatic.com/media/93910a_a230f37cfb8f4df1aa16e18d5099173d_mv2.jpg/v1/crop/x_0,y_0,w_850,h_591/fill/w_460,h_320,al_c,q_80,usm_0.66_1.00_0.01,enc_av/93910a_a230f37cfb8f4df1aa16e18d5099173d_mv2.40.de]
[www.aikido-unite.com/contact-3.html]
[www.aikido-unite.com/${s.html]
[www.aikido-unite.com/window.location.html]
[www.aikido-unite.com/api.43.delayed]
[www.aikido-unite.com/api/index.html]
[www.aikido-unite.com/envelope.44.delayed]
[www.aikido-unite.com/envelope/index.html]
[www.aikido-unite.com/feed.html]
[www.aikido-unite.com/api.html]
[www.aikido-unite.com/envelope.html]
